ASxxxx Linker V02.00 + NoICE + sdld,  page 1.
Hexadecimal  [32-Bits]

Area                                    Addr        Size        Decimal Bytes (Attributes)
--------------------------------        ----        ----        ------- ----- ------------
CABS                                00000000    00000000 =           0. bytes (ABS,CON,CODE)

      Value  Global                              Global Defined In Module
      -----  --------------------------------   ------------------------
     0C:   FFFFFF00  s_BSEG                          
     0C:   00000000  l_BIT_BANK                      
     0C:   00000000  l_BSEG                          
     0C:   00000000  l_BSEG_BYTES                    
     0C:   00000000  l_CABS                          
     0C:   00000000  l_CONST                         
     0C:   00000000  l_GSINIT                        
     0C:   00000000  l_GSINIT1                       
     0C:   00000000  l_GSINIT5                       
     0C:   00000000  l_IABS                          
     0C:   00000000  l_ISEG                          
     0C:   00000000  l_OSEG                          
     0C:   00000000  l_PSEG                          
     0C:   00000000  l_REG_BANK_1                    
     0C:   00000000  l_REG_BANK_2                    
     0C:   00000000  l_REG_BANK_3                    
     0C:   00000000  l_RSEG                          
     0C:   00000000  l_RSEG0                         
     0C:   00000000  l_RSEG1                         
     0C:   00000000  l_XABS                          
     0C:   00000000  l_XINIT                         
     0C:   00000000  l_XISEG                         
     0C:   00000000  l__CODE                         
     0C:   00000000  s_BSEG_BYTES                    
     0C:   00000000  s_CABS                          
     0C:   00000000  s_DSEG                          
     0C:   00000000  s_HOME                          
     0C:   00000000  s_IABS                          
     0C:   00000000  s_ISEG                          
     0C:   00000000  s_PSEG                          
     0C:   00000000  s_REG_BANK_0                    
     0C:   00000000  s_RSEG                          
     0C:   00000000  s_RSEG0                         
     0C:   00000000  s_RSEG1                         
     0C:   00000000  s_XABS                          
     0C:   00000000  s_XSEG                          
     0C:   00000003  l_GSFINAL                       
     0C:   00000003  l_GSINIT0                       
     0C:   00000008  l_HOME                          
     0C:   00000008  l_REG_BANK_0                    
     0C:   00000008  s_GSINIT0                       
     0C:   00000008  s_REG_BANK_1                    
     0C:   0000000A  l_GSINIT2                       
     0C:   0000000B  s_GSINIT1                       
     0C:   0000000B  s_GSINIT2                       
     0C:   00000010  s_REG_BANK_2                    
     0C:   00000010  s_SSEG                          
     0C:   00000015  s_GSINIT3                       
     0C:   00000018  s_BIT_BANK                      
     0C:   00000018  s_OSEG                          
ASxxxx Linker V02.00 + NoICE + sdld,  page 2.
Hexadecimal  [32-Bits]

Area                                    Addr        Size        Decimal Bytes (Attributes)
--------------------------------        ----        ----        ------- ----- ------------
CABS                                00000000    00000000 =           0. bytes (ABS,CON,CODE)

      Value  Global                              Global Defined In Module
      -----  --------------------------------   ------------------------
     0C:   00000018  s_REG_BANK_3                    
     0C:   00000020  s__CODE                         
     0C:   00000022  l_GSINIT3                       
     0C:   0000002A  l_GSINIT4                       
     0C:   00000037  s_GSINIT4                       
     0C:   00000061  s_GSFINAL                       
     0C:   00000061  s_GSINIT                        
     0C:   00000061  s_GSINIT5                       
     0C:   00000064  s_CSEG                          
     0C:   00000080  l_DSEG                          
     0C:   000000ED  l_XSEG                          
     0C:   000000ED  s_XISEG                         
     0C:   000000F0  l_SSEG                          
     0C:   00000100  l_IRAM                          
     0C:   00001B3D  l_CSEG                          
     0C:   00001BA1  s_CONST                         
     0C:   00001BA1  s_XINIT                         

ASxxxx Linker V02.00 + NoICE + sdld,  page 3.
Hexadecimal  [32-Bits]

Area                                    Addr        Size        Decimal Bytes (Attributes)
--------------------------------        ----        ----        ------- ----- ------------
.	.ABS.                             00000000    00000000 =           0. bytes (ABS,CON)

      Value  Global                              Global Defined In Module
      -----  --------------------------------   ------------------------
           00000000  .__.ABS.                           _startup
           00000080  _P0                                rng_get_one_byte_and_turn_of
           00000080  _P0_SB_D0                          rng_get_one_byte_and_turn_of
           00000081  _P0_SB_D1                          rng_get_one_byte_and_turn_of
           00000081  _SP                                rng_get_one_byte_and_turn_of
           00000082  _DPL                               rng_get_one_byte_and_turn_of
           00000082  _P0_SB_D2                          rng_get_one_byte_and_turn_of
           00000083  _DPH                               rng_get_one_byte_and_turn_of
           00000083  _P0_SB_D3                          rng_get_one_byte_and_turn_of
           00000084  _DPL1                              rng_get_one_byte_and_turn_of
           00000084  _P0_SB_D4                          rng_get_one_byte_and_turn_of
           00000085  _DPH1                              rng_get_one_byte_and_turn_of
           00000085  _P0_SB_D5                          rng_get_one_byte_and_turn_of
           00000086  _P0_SB_D6                          rng_get_one_byte_and_turn_of
           00000087  _P0_SB_D7                          rng_get_one_byte_and_turn_of
           00000087  _PCON                              rng_get_one_byte_and_turn_of
           00000088  _TCON                              rng_get_one_byte_and_turn_of
           00000088  _TCON_SB_IT0                       rng_get_one_byte_and_turn_of
           00000089  _TCON_SB_IE0                       rng_get_one_byte_and_turn_of
           00000089  _TMOD                              rng_get_one_byte_and_turn_of
           0000008A  _TCON_SB_IT1                       rng_get_one_byte_and_turn_of
           0000008A  _TL0                               rng_get_one_byte_and_turn_of
           0000008B  _TCON_SB_IE1                       rng_get_one_byte_and_turn_of
           0000008B  _TL1                               rng_get_one_byte_and_turn_of
           0000008C  _TCON_SB_TR0                       rng_get_one_byte_and_turn_of
           0000008C  _TH0                               rng_get_one_byte_and_turn_of
           0000008D  _TCON_SB_TF0                       rng_get_one_byte_and_turn_of
           0000008D  _TH1                               rng_get_one_byte_and_turn_of
           0000008E  _TCON_SB_TR1                       rng_get_one_byte_and_turn_of
           0000008F  _P3CON                             rng_get_one_byte_and_turn_of
           0000008F  _TCON_SB_TF1                       rng_get_one_byte_and_turn_of
           00000090  _P1                                rng_get_one_byte_and_turn_of
           00000090  _P1_SB_D0                          rng_get_one_byte_and_turn_of
           00000091  _P1_SB_D1                          rng_get_one_byte_and_turn_of
           00000092  _DPS                               rng_get_one_byte_and_turn_of
           00000092  _P1_SB_D2                          rng_get_one_byte_and_turn_of
           00000093  _P0DIR                             rng_get_one_byte_and_turn_of
           00000093  _P1_SB_D3                          rng_get_one_byte_and_turn_of
           00000094  _P1DIR                             rng_get_one_byte_and_turn_of
           00000094  _P1_SB_D4                          rng_get_one_byte_and_turn_of
           00000095  _P1_SB_D5                          rng_get_one_byte_and_turn_of
           00000095  _P2DIR                             rng_get_one_byte_and_turn_of
           00000096  _P1_SB_D6                          rng_get_one_byte_and_turn_of
           00000096  _P3DIR                             rng_get_one_byte_and_turn_of
           00000097  _P1_SB_D7                          rng_get_one_byte_and_turn_of
           00000097  _P2CON                             rng_get_one_byte_and_turn_of
           00000098  _S0CON                             rng_get_one_byte_and_turn_of
           00000098  _S0CON_SB_RI0                      rng_get_one_byte_and_turn_of
           00000099  _S0BUF                             rng_get_one_byte_and_turn_of
           00000099  _S0CON_SB_TI0                      rng_get_one_byte_and_turn_of
ASxxxx Linker V02.00 + NoICE + sdld,  page 4.
Hexadecimal  [32-Bits]

Area                                    Addr        Size        Decimal Bytes (Attributes)
--------------------------------        ----        ----        ------- ----- ------------
.	.ABS.                             00000000    00000000 =           0. bytes (ABS,CON)

      Value  Global                              Global Defined In Module
      -----  --------------------------------   ------------------------
           0000009A  _S0CON_SB_RB80                     rng_get_one_byte_and_turn_of
           0000009B  _S0CON_SB_TB80                     rng_get_one_byte_and_turn_of
           0000009C  _S0CON_SB_REN0                     rng_get_one_byte_and_turn_of
           0000009D  _S0CON_SB_SM20                     rng_get_one_byte_and_turn_of
           0000009E  _P0CON                             rng_get_one_byte_and_turn_of
           0000009E  _S0CON_SB_SM1                      rng_get_one_byte_and_turn_of
           0000009F  _P1CON                             rng_get_one_byte_and_turn_of
           0000009F  _S0CON_SB_SM0                      rng_get_one_byte_and_turn_of
           000000A0  _P2                                rng_get_one_byte_and_turn_of
           000000A0  _P2_SB_D0                          rng_get_one_byte_and_turn_of
           000000A1  _P2_SB_D1                          rng_get_one_byte_and_turn_of
           000000A1  _PWMDC0                            rng_get_one_byte_and_turn_of
           000000A2  _P2_SB_D2                          rng_get_one_byte_and_turn_of
           000000A2  _PWMDC1                            rng_get_one_byte_and_turn_of
           000000A3  _CLKCTRL                           rng_get_one_byte_and_turn_of
           000000A3  _P2_SB_D3                          rng_get_one_byte_and_turn_of
           000000A4  _P2_SB_D4                          rng_get_one_byte_and_turn_of
           000000A4  _PWRDWN                            rng_get_one_byte_and_turn_of
           000000A5  _P2_SB_D5                          rng_get_one_byte_and_turn_of
           000000A5  _WUCON                             rng_get_one_byte_and_turn_of
           000000A6  _INTEXP                            rng_get_one_byte_and_turn_of
           000000A6  _P2_SB_D6                          rng_get_one_byte_and_turn_of
           000000A7  _MEMCON                            rng_get_one_byte_and_turn_of
           000000A7  _P2_SB_D7                          rng_get_one_byte_and_turn_of
           000000A8  _IEN0                              rng_get_one_byte_and_turn_of
           000000A8  _IEN0_SB_IFP                       rng_get_one_byte_and_turn_of
           000000A9  _IEN0_SB_T0                        rng_get_one_byte_and_turn_of
           000000A9  _IP0                               rng_get_one_byte_and_turn_of
           000000AA  _IEN0_SB_POFIRQ                    rng_get_one_byte_and_turn_of
           000000AA  _S0RELL                            rng_get_one_byte_and_turn_of
           000000AB  _IEN0_SB_T1                        rng_get_one_byte_and_turn_of
           000000AB  _RTC2CPT01                         rng_get_one_byte_and_turn_of
           000000AC  _IEN0_SB_UART                      rng_get_one_byte_and_turn_of
           000000AC  _RTC2CPT10                         rng_get_one_byte_and_turn_of
           000000AD  _CLKLFCTRL                         rng_get_one_byte_and_turn_of
           000000AD  _IEN0_SB_T2                        rng_get_one_byte_and_turn_of
           000000AE  _OPMCON                            rng_get_one_byte_and_turn_of
           000000AF  _IEN0_SB_GLOBAL                    rng_get_one_byte_and_turn_of
           000000AF  _WDSV                              rng_get_one_byte_and_turn_of
           000000B0  _P3                                rng_get_one_byte_and_turn_of
           000000B0  _P3_SB_D0                          rng_get_one_byte_and_turn_of
           000000B1  _P3_SB_D1                          rng_get_one_byte_and_turn_of
           000000B1  _RSTREAS                           rng_get_one_byte_and_turn_of
           000000B2  _P3_SB_D2                          rng_get_one_byte_and_turn_of
           000000B2  _PWMCON                            rng_get_one_byte_and_turn_of
           000000B3  _P3_SB_D3                          rng_get_one_byte_and_turn_of
           000000B3  _RTC2CON                           rng_get_one_byte_and_turn_of
           000000B4  _P3_SB_D4                          rng_get_one_byte_and_turn_of
           000000B4  _RTC2CMP0                          rng_get_one_byte_and_turn_of
           000000B5  _P3_SB_D5                          rng_get_one_byte_and_turn_of
           000000B5  _RTC2CMP1                          rng_get_one_byte_and_turn_of
ASxxxx Linker V02.00 + NoICE + sdld,  page 5.
Hexadecimal  [32-Bits]

Area                                    Addr        Size        Decimal Bytes (Attributes)
--------------------------------        ----        ----        ------- ----- ------------
.	.ABS.                             00000000    00000000 =           0. bytes (ABS,CON)

      Value  Global                              Global Defined In Module
      -----  --------------------------------   ------------------------
           000000B6  _P3_SB_D6                          rng_get_one_byte_and_turn_of
           000000B6  _RTC2CPT00                         rng_get_one_byte_and_turn_of
           000000B7  _P3_SB_D7                          rng_get_one_byte_and_turn_of
           000000B7  _SPISRDSZ                          rng_get_one_byte_and_turn_of
           000000B8  _IEN1                              rng_get_one_byte_and_turn_of
           000000B8  _IEN1_SB_RFRDY                     rng_get_one_byte_and_turn_of
           000000B9  _IEN1_SB_RFIRQ                     rng_get_one_byte_and_turn_of
           000000B9  _IP1                               rng_get_one_byte_and_turn_of
           000000BA  _IEN1_SB_SPI_2WIRE                 rng_get_one_byte_and_turn_of
           000000BA  _S0RELH                            rng_get_one_byte_and_turn_of
           000000BB  _IEN1_SB_WUOPIRQ                   rng_get_one_byte_and_turn_of
           000000BC  _IEN1_SB_MISCIRQ                   rng_get_one_byte_and_turn_of
           000000BC  _SPISCON0                          rng_get_one_byte_and_turn_of
           000000BD  _IEN1_SB_TICK                      rng_get_one_byte_and_turn_of
           000000BD  _SPISCON1                          rng_get_one_byte_and_turn_of
           000000BE  _SPISSTAT                          rng_get_one_byte_and_turn_of
           000000BF  _IEN1_SB_T2EXTRLD                  rng_get_one_byte_and_turn_of
           000000BF  _SPISDAT                           rng_get_one_byte_and_turn_of
           000000C0  _IRCON                             rng_get_one_byte_and_turn_of
           000000C0  _IRCON_SB_RFRDY                    rng_get_one_byte_and_turn_of
           000000C1  _CCEN                              rng_get_one_byte_and_turn_of
           000000C1  _IRCON_SB_RFIRQ                    rng_get_one_byte_and_turn_of
           000000C2  _CCL1                              rng_get_one_byte_and_turn_of
           000000C2  _IRCON_SB_SPI_2WIRE                rng_get_one_byte_and_turn_of
           000000C3  _CCH1                              rng_get_one_byte_and_turn_of
           000000C3  _IRCON_SB_WUOPIRQ                  rng_get_one_byte_and_turn_of
           000000C4  _CCL2                              rng_get_one_byte_and_turn_of
           000000C4  _IRCON_SB_MISCIRQ                  rng_get_one_byte_and_turn_of
           000000C5  _CCH2                              rng_get_one_byte_and_turn_of
           000000C5  _IRCON_SB_TICK                     rng_get_one_byte_and_turn_of
           000000C6  _CCL3                              rng_get_one_byte_and_turn_of
           000000C6  _IRCON_SB_TF2                      rng_get_one_byte_and_turn_of
           000000C7  _CCH3                              rng_get_one_byte_and_turn_of
           000000C7  _IRCON_SB_EXF2                     rng_get_one_byte_and_turn_of
           000000C8  _T2CON                             rng_get_one_byte_and_turn_of
           000000C8  _T2CON_SB_T2I0                     rng_get_one_byte_and_turn_of
           000000C9  _MPAGE                             rng_get_one_byte_and_turn_of
           000000C9  _T2CON_SB_T2I1                     rng_get_one_byte_and_turn_of
           000000C9  __XPAGE                            rng_get_one_byte_and_turn_of
           000000CA  _CRCL                              rng_get_one_byte_and_turn_of
           000000CA  _T2CON_SB_T2CM                     rng_get_one_byte_and_turn_of
           000000CB  _CRCH                              rng_get_one_byte_and_turn_of
           000000CB  _T2CON_SB_T2R0                     rng_get_one_byte_and_turn_of
           000000CC  _T2CON_SB_T2R1                     rng_get_one_byte_and_turn_of
           000000CC  _TL2                               rng_get_one_byte_and_turn_of
           000000CD  _T2CON_SB_I2FR                     rng_get_one_byte_and_turn_of
           000000CD  _TH2                               rng_get_one_byte_and_turn_of
           000000CE  _T2CON_SB_I3FR                     rng_get_one_byte_and_turn_of
           000000CE  _WUOPC1                            rng_get_one_byte_and_turn_of
           000000CF  _T2CON_SB_T2PS                     rng_get_one_byte_and_turn_of
           000000CF  _WUOPC0                            rng_get_one_byte_and_turn_of
ASxxxx Linker V02.00 + NoICE + sdld,  page 6.
Hexadecimal  [32-Bits]

Area                                    Addr        Size        Decimal Bytes (Attributes)
--------------------------------        ----        ----        ------- ----- ------------
.	.ABS.                             00000000    00000000 =           0. bytes (ABS,CON)

      Value  Global                              Global Defined In Module
      -----  --------------------------------   ------------------------
           000000D0  _PSW                               rng_get_one_byte_and_turn_of
           000000D0  _PSW_SB_P                          rng_get_one_byte_and_turn_of
           000000D1  _ADCCON3                           rng_get_one_byte_and_turn_of
           000000D1  _PSW_SB_F1                         rng_get_one_byte_and_turn_of
           000000D2  _ADCCON2                           rng_get_one_byte_and_turn_of
           000000D2  _PSW_SB_OV                         rng_get_one_byte_and_turn_of
           000000D3  _ADCCON1                           rng_get_one_byte_and_turn_of
           000000D3  _PSW_SB_RS0                        rng_get_one_byte_and_turn_of
           000000D4  _ADCDATH                           rng_get_one_byte_and_turn_of
           000000D4  _PSW_SB_RS1                        rng_get_one_byte_and_turn_of
           000000D5  _ADCDATL                           rng_get_one_byte_and_turn_of
           000000D5  _PSW_SB_F0                         rng_get_one_byte_and_turn_of
           000000D6  _PSW_SB_AC                         rng_get_one_byte_and_turn_of
           000000D6  _RNGCTL                            rng_get_one_byte_and_turn_of
           000000D7  _PSW_SB_CY                         rng_get_one_byte_and_turn_of
           000000D7  _RNGDAT                            rng_get_one_byte_and_turn_of
           000000D8  _ADCON                             rng_get_one_byte_and_turn_of
           000000D9  _W2SADR                            rng_get_one_byte_and_turn_of
           000000DA  _W2DAT                             rng_get_one_byte_and_turn_of
           000000DB  _COMPCON                           rng_get_one_byte_and_turn_of
           000000DC  _POFCON                            rng_get_one_byte_and_turn_of
           000000DD  _CCPDATIA                          rng_get_one_byte_and_turn_of
           000000DE  _CCPDATIB                          rng_get_one_byte_and_turn_of
           000000DF  _ADCON_SB_BD                       rng_get_one_byte_and_turn_of
           000000DF  _CCPDATO                           rng_get_one_byte_and_turn_of
           000000E0  _ACC                               rng_get_one_byte_and_turn_of
           000000E1  _W2CON1                            rng_get_one_byte_and_turn_of
           000000E2  _W2CON0                            rng_get_one_byte_and_turn_of
           000000E4  _SPIRCON0                          rng_get_one_byte_and_turn_of
           000000E5  _SPIRCON1                          rng_get_one_byte_and_turn_of
           000000E6  _SPIRSTAT                          rng_get_one_byte_and_turn_of
           000000E7  _SPIRDAT                           rng_get_one_byte_and_turn_of
           000000E8  _RFCON                             rng_get_one_byte_and_turn_of
           000000E8  _RFCON_SB_RFCE                     rng_get_one_byte_and_turn_of
           000000E9  _MD0                               rng_get_one_byte_and_turn_of
           000000E9  _RFCON_SB_RFCSN                    rng_get_one_byte_and_turn_of
           000000EA  _MD1                               rng_get_one_byte_and_turn_of
           000000EA  _RFCON_SB_RFCKEN                   rng_get_one_byte_and_turn_of
           000000EB  _MD2                               rng_get_one_byte_and_turn_of
           000000EC  _MD3                               rng_get_one_byte_and_turn_of
           000000ED  _MD4                               rng_get_one_byte_and_turn_of
           000000EE  _MD5                               rng_get_one_byte_and_turn_of
           000000EF  _ARCON                             rng_get_one_byte_and_turn_of
           000000F0  _B                                 rng_get_one_byte_and_turn_of
           000000F5  _B_5                               _gptrget
           000000F6  _B_6                               _gptrget
           000000F7  _B_7                               _gptrget
           000000F8  _FSR                               rng_get_one_byte_and_turn_of
           000000F9  _FPCR                              rng_get_one_byte_and_turn_of
           000000FA  _FCR                               rng_get_one_byte_and_turn_of
           000000FA  _FSR_SB_RDISMB                     rng_get_one_byte_and_turn_of
ASxxxx Linker V02.00 + NoICE + sdld,  page 7.
Hexadecimal  [32-Bits]

Area                                    Addr        Size        Decimal Bytes (Attributes)
--------------------------------        ----        ----        ------- ----- ------------
.	.ABS.                             00000000    00000000 =           0. bytes (ABS,CON)

      Value  Global                              Global Defined In Module
      -----  --------------------------------   ------------------------
           000000FB  _FSR_SB_INFEN                      rng_get_one_byte_and_turn_of
           000000FC  _FSR_SB_RDYN                       rng_get_one_byte_and_turn_of
           000000FC  _SPIMCON0                          rng_get_one_byte_and_turn_of
           000000FD  _FSR_SB_WEN                        rng_get_one_byte_and_turn_of
           000000FD  _SPIMCON1                          rng_get_one_byte_and_turn_of
           000000FE  _FSR_SB_STP                        rng_get_one_byte_and_turn_of
           000000FE  _SPIMSTAT                          rng_get_one_byte_and_turn_of
           000000FF  _FSR_SB_ENDBG                      rng_get_one_byte_and_turn_of
           000000FF  _SPIMDAT                           rng_get_one_byte_and_turn_of
           00008C8A  _T0                                rng_get_one_byte_and_turn_of
           00008D8B  _T1                                rng_get_one_byte_and_turn_of
           0000BAAA  _S0REL                             rng_get_one_byte_and_turn_of
           0000C3C2  _CC1                               rng_get_one_byte_and_turn_of
           0000C5C4  _CC2                               rng_get_one_byte_and_turn_of
           0000C7C6  _CC3                               rng_get_one_byte_and_turn_of
           0000CBCA  _CRC                               rng_get_one_byte_and_turn_of
           0000CDCC  _T2                                rng_get_one_byte_and_turn_of
           0000D4D5  _ADCDAT                            rng_get_one_byte_and_turn_of

ASxxxx Linker V02.00 + NoICE + sdld,  page 8.
Hexadecimal  [32-Bits]

Area                                    Addr        Size        Decimal Bytes (Attributes)
--------------------------------        ----        ----        ------- ----- ------------
REG_BANK_0                          00000000    00000008 =           8. bytes (REL,OVR)

      Value  Global                              Global Defined In Module
      -----  --------------------------------   ------------------------
ASxxxx Linker V02.00 + NoICE + sdld,  page 9.
Hexadecimal  [32-Bits]

Area                                    Addr        Size        Decimal Bytes (Attributes)
--------------------------------        ----        ----        ------- ----- ------------
DSEG                                00000000    00000080 =         128. bytes (REL,CON)

      Value  Global                              Global Defined In Module
      -----  --------------------------------   ------------------------
ASxxxx Linker V02.00 + NoICE + sdld,  page 10.
Hexadecimal  [32-Bits]

Area                                    Addr        Size        Decimal Bytes (Attributes)
--------------------------------        ----        ----        ------- ----- ------------
SSEG                                00000010    000000F0 =         240. bytes (REL,OVR)

      Value  Global                              Global Defined In Module
      -----  --------------------------------   ------------------------
           00000010  __start__stack                     main

ASxxxx Linker V02.00 + NoICE + sdld,  page 11.
Hexadecimal  [32-Bits]

Area                                    Addr        Size        Decimal Bytes (Attributes)
--------------------------------        ----        ----        ------- ----- ------------
XSEG                                00000000    000000ED =         237. bytes (REL,CON,XDATA)

      Value  Global                              Global Defined In Module
      -----  --------------------------------   ------------------------
     0D:   00000000  _body                              main
     0D:   00000020  _process_response_PARM_2           main
     0D:   00000022  _send_PARM_2                       main
     0D:   00000046  _gpio_pin_configure_PARM_2         gpio_pin_configure
     0D:   00000048  _gpio_pin_dir_input_PARM_2         gpio_pin_dir_input
     0D:   0000004A  _gpio_pin_dir_output_PARM_2        gpio_pin_dir_output
     0D:   00000051  _gpio_pin_val_write_PARM_2         gpio_pin_val_write
     0D:   00000053  _rf_configure_PARM_2               rf_configure
     0D:   00000054  _rf_configure_PARM_3               rf_configure
     0D:   00000055  _rf_configure_PARM_4               rf_configure
     0D:   00000056  _rf_configure_PARM_5               rf_configure
     0D:   00000057  _rf_configure_PARM_6               rf_configure
     0D:   00000058  _rf_configure_PARM_7               rf_configure
     0D:   00000059  _rf_configure_PARM_8               rf_configure
     0D:   0000005A  _rf_configure_PARM_9               rf_configure
     0D:   0000005D  _rf_configure_PARM_10              rf_configure
     0D:   00000060  _rf_configure_PARM_11              rf_configure
     0D:   00000061  _rf_configure_PARM_12              rf_configure
     0D:   00000062  _rf_configure_PARM_13              rf_configure
     0D:   00000063  _rf_configure_PARM_14              rf_configure
     0D:   00000064  _rf_configure_PARM_15              rf_configure
     0D:   00000067  _rf_configure_PARM_16              rf_configure
     0D:   00000068  _rf_configure_PARM_17              rf_configure
     0D:   00000069  _rf_configure_PARM_18              rf_configure
     0D:   0000006A  _rf_configure_PARM_19              rf_configure
     0D:   0000006B  _rf_configure_PARM_20              rf_configure
     0D:   0000006C  _rf_configure_PARM_21              rf_configure
     0D:   0000006D  _rf_configure_PARM_22              rf_configure
     0D:   0000006E  _rf_configure_PARM_23              rf_configure
     0D:   00000075  _rf_configure_debug_PARM_2         rf_configure_debug
     0D:   00000076  _rf_configure_debug_PARM_3         rf_configure_debug
     0D:   0000007A  _rf_configure_debug_lite_PARM_2    rf_configure_debug_lite
     0D:   0000008D  _rf_power_up_param_PARM_2          rf_power_up_param
     0D:   0000008F  _rf_read_register_PARM_2           rf_read_register
     0D:   00000092  _rf_read_register_PARM_3           rf_read_register
     0D:   00000097  _rf_read_rx_payload_PARM_2         rf_read_rx_payload
     0D:   000000A9  _rf_set_rx_addr_PARM_2             rf_set_rx_addr
     0D:   000000AB  _rf_set_rx_addr_PARM_3             rf_set_rx_addr
     0D:   000000AF  _rf_set_tx_addr_PARM_2             rf_set_tx_addr
     0D:   000000B4  _rf_spi_execute_command_PARM_2     rf_spi_execute_command
     0D:   000000B7  _rf_spi_execute_command_PARM_3     rf_spi_execute_command
     0D:   000000B9  _rf_spi_execute_command_PARM_4     rf_spi_execute_command
     0D:   000000BC  _rf_spi_send_read_PARM_2           rf_spi_send_read
     0D:   000000BE  _rf_spi_send_read_PARM_3           rf_spi_send_read
     0D:   000000C5  _rf_write_register_PARM_2          rf_write_register
     0D:   000000C8  _rf_write_register_PARM_3          rf_write_register
     0D:   000000CB  _rf_write_tx_ack_payload_PARM_2    rf_write_tx_ack_payload
     0D:   000000D0  _rf_write_tx_payload_PARM_2        rf_write_tx_payload
     0D:   000000D2  _rf_write_tx_payload_PARM_3        rf_write_tx_payload
     0D:   000000D6  _rf_write_tx_payload_noack_PARM_   rf_write_tx_payload_noack
ASxxxx Linker V02.00 + NoICE + sdld,  page 12.
Hexadecimal  [32-Bits]

Area                                    Addr        Size        Decimal Bytes (Attributes)
--------------------------------        ----        ----        ------- ----- ------------
XSEG                                00000000    000000ED =         237. bytes (REL,CON,XDATA)

      Value  Global                              Global Defined In Module
      -----  --------------------------------   ------------------------
     0D:   000000D8  _rf_write_tx_payload_noack_PARM_   rf_write_tx_payload_noack
     0D:   000000EA  __gptrput_PARM_2                   _gptrput
     0D:   000000EB  __mulint_PARM_2                    _mulint

ASxxxx Linker V02.00 + NoICE + sdld,  page 13.
Hexadecimal  [32-Bits]

Area                                    Addr        Size        Decimal Bytes (Attributes)
--------------------------------        ----        ----        ------- ----- ------------
HOME                                00000000    00000008 =           8. bytes (REL,CON,CODE)

      Value  Global                              Global Defined In Module
      -----  --------------------------------   ------------------------
     0C:   00000003  __sdcc_program_startup             main

ASxxxx Linker V02.00 + NoICE + sdld,  page 14.
Hexadecimal  [32-Bits]

Area                                    Addr        Size        Decimal Bytes (Attributes)
--------------------------------        ----        ----        ------- ----- ------------
GSINIT0                             00000008    00000003 =           3. bytes (REL,CON,CODE)

      Value  Global                              Global Defined In Module
      -----  --------------------------------   ------------------------
     0C:   00000008  __sdcc_gsinit_startup              

ASxxxx Linker V02.00 + NoICE + sdld,  page 15.
Hexadecimal  [32-Bits]

Area                                    Addr        Size        Decimal Bytes (Attributes)
--------------------------------        ----        ----        ------- ----- ------------
GSINIT2                             0000000B    0000000A =          10. bytes (REL,CON,CODE)

      Value  Global                              Global Defined In Module
      -----  --------------------------------   ------------------------
ASxxxx Linker V02.00 + NoICE + sdld,  page 16.
Hexadecimal  [32-Bits]

Area                                    Addr        Size        Decimal Bytes (Attributes)
--------------------------------        ----        ----        ------- ----- ------------
GSINIT3                             00000015    00000022 =          34. bytes (REL,CON,CODE)

      Value  Global                              Global Defined In Module
      -----  --------------------------------   ------------------------
     0C:   00000015  __mcs51_genXINIT                   

ASxxxx Linker V02.00 + NoICE + sdld,  page 17.
Hexadecimal  [32-Bits]

Area                                    Addr        Size        Decimal Bytes (Attributes)
--------------------------------        ----        ----        ------- ----- ------------
GSINIT4                             00000037    0000002A =          42. bytes (REL,CON,CODE)

      Value  Global                              Global Defined In Module
      -----  --------------------------------   ------------------------
     0C:   00000037  __mcs51_genRAMCLEAR                
     0C:   0000003D  __mcs51_genXRAMCLEAR               

ASxxxx Linker V02.00 + NoICE + sdld,  page 18.
Hexadecimal  [32-Bits]

Area                                    Addr        Size        Decimal Bytes (Attributes)
--------------------------------        ----        ----        ------- ----- ------------
GSFINAL                             00000061    00000003 =           3. bytes (REL,CON,CODE)

      Value  Global                              Global Defined In Module
      -----  --------------------------------   ------------------------
ASxxxx Linker V02.00 + NoICE + sdld,  page 19.
Hexadecimal  [32-Bits]

Area                                    Addr        Size        Decimal Bytes (Attributes)
--------------------------------        ----        ----        ------- ----- ------------
CSEG                                00000064    00001B3D =        6973. bytes (REL,CON,CODE)

      Value  Global                              Global Defined In Module
      -----  --------------------------------   ------------------------
     0C:   00000064  _process_response                  main
     0C:   00000147  _send                              main
     0C:   00000307  _init_rf                           main
     0C:   000003DA  _process_success                   main
     0C:   0000045B  _process_validation                main
     0C:   000004B2  _read_period                       main
     0C:   000004CE  _process_end                       main
     0C:   0000052E  _process_body                      main
     0C:   00000628  _process_leader                    main
     0C:   000006E6  _main                              main
     0C:   00000755  _delay_ms                          delay_ms
     0C:   00000791  _delay_s                           delay_s
     0C:   000007CD  _delay_us                          delay_us
     0C:   0000080E  _gpio_pin_configure                gpio_pin_configure
     0C:   00000A01  _gpio_pin_dir_input                gpio_pin_dir_input
     0C:   00000AA2  _gpio_pin_dir_output               gpio_pin_dir_output
     0C:   00000B47  _gpio_pin_val_clear                gpio_pin_val_clear
     0C:   00000BB2  _gpio_pin_val_complement           gpio_pin_val_complement
     0C:   00000C19  _gpio_pin_val_read                 gpio_pin_val_read
     0C:   00000CAD  _gpio_pin_val_set                  gpio_pin_val_set
     0C:   00000D14  _gpio_pin_val_write                gpio_pin_val_write
     0C:   00000D33  _rf_configure                      rf_configure
     0C:   000010DD  _rf_configure_debug                rf_configure_debug
     0C:   0000119E  _rf_configure_debug_lite           rf_configure_debug_lite
     0C:   00001221  _rf_get_all_registers              rf_get_all_registers
     0C:   000012BC  _rf_irq_clear                      rf_irq_clear
     0C:   000012E1  _rf_irq_clear_all                  rf_irq_clear_all
     0C:   00001306  _rf_is_rpd_active                  rf_is_rpd_active
     0C:   00001333  _rf_power_down                     rf_power_down
     0C:   0000137E  _rf_power_down_param               rf_power_down_param
     0C:   000013A9  _rf_power_up                       rf_power_up
     0C:   000013DD  _rf_power_up_param                 rf_power_up_param
     0C:   00001433  _rf_read_register                  rf_read_register
     0C:   0000146E  _rf_read_register_1_byte           rf_read_register_1_byte
     0C:   00001497  _rf_read_rx_payload                rf_read_rx_payload
     0C:   000014D9  _rf_read_rx_payload_width          rf_read_rx_payload_width
     0C:   00001514  _rf_rx_fifo_is_empty               rf_rx_fifo_is_empty
     0C:   00001541  _rf_rx_fifo_is_full                rf_rx_fifo_is_full
     0C:   0000156E  _rf_set_as_rx                      rf_set_as_rx
     0C:   000015D6  _rf_set_as_tx                      rf_set_as_tx
     0C:   0000163A  _rf_set_data_rate                  rf_set_data_rate
     0C:   00001680  _rf_set_output_power               rf_set_output_power
     0C:   000016BF  _rf_set_rf_channel                 rf_set_rf_channel
     0C:   000016E7  _rf_set_rx_addr                    rf_set_rx_addr
     0C:   00001730  _rf_set_tx_addr                    rf_set_tx_addr
     0C:   0000176C  _rf_spi_configure_enable           rf_spi_configure_enable
     0C:   00001773  _rf_spi_execute_command            rf_spi_execute_command
     0C:   000017CF  _rf_spi_send_read                  rf_spi_send_read
     0C:   00001862  _rf_spi_send_read_byte             rf_spi_send_read_byte
     0C:   00001875  _rf_transmit                       rf_transmit
ASxxxx Linker V02.00 + NoICE + sdld,  page 20.
Hexadecimal  [32-Bits]

Area                                    Addr        Size        Decimal Bytes (Attributes)
--------------------------------        ----        ----        ------- ----- ------------
CSEG                                00000064    00001B3D =        6973. bytes (REL,CON,CODE)

      Value  Global                              Global Defined In Module
      -----  --------------------------------   ------------------------
     0C:   00001886  _rf_tx_fifo_is_empty               rf_tx_fifo_is_empty
     0C:   000018B3  _rf_tx_fifo_is_full                rf_tx_fifo_is_full
     0C:   000018E0  _rf_write_register                 rf_write_register
     0C:   0000191D  _rf_write_tx_ack_payload           rf_write_tx_ack_payload
     0C:   0000195E  _rf_write_tx_payload               rf_write_tx_payload
     0C:   000019B9  _rf_write_tx_payload_noack         rf_write_tx_payload_noack
     0C:   00001A0E  _pwr_clk_mgmt_cclk_configure       pwr_clk_mgmt_cclk_configure
     0C:   00001A17  _pwr_clk_mgmt_clklf_configure      pwr_clk_mgmt_clklf_configure
     0C:   00001A2D  _pwr_clk_mgmt_get_cclk_freq_in_h   pwr_clk_mgmt_get_cclk_freq_i
     0C:   00001A86  _pwr_clk_mgmt_get_cclk_freq_in_k   pwr_clk_mgmt_get_cclk_freq_i
     0C:   00001AC0  _pwr_clk_mgmt_op_mode_configure    pwr_clk_mgmt_op_mode_configu
     0C:   00001AD6  _pwr_clk_mgmt_pwr_failure_config   pwr_clk_mgmt_pwr_failure_con
     0C:   00001AEC  _pwr_clk_mgmt_wakeup_pins_config   pwr_clk_mgmt_wakeup_pins_con
     0C:   00001B08  _pwr_clk_mgmt_wakeup_sources_con   pwr_clk_mgmt_wakeup_sources_
     0C:   00001B11  _rng_configure                     rng_configure
     0C:   00001B27  _rng_get_next_byte                 rng_get_next_byte
     0C:   00001B33  _rng_get_one_byte_and_turn_off     rng_get_one_byte_and_turn_of
     0C:   00001B48  __gptrput                          _gptrput
     0C:   00001B61  __mulint                           _mulint
     0C:   00001B81  __gptrget                          _gptrget
     0C:   00001B9D  __sdcc_external_startup            _startup

ASxxxx Linker V02.00 + NoICE + sdld,  page 21.

Files Linked                              [ module(s) ]

main.rel                                  [  ]
/mnt/workspace/nRF24LE1_SDK-master/_target_sdcc_nrf24le1_32/obj/delay/delay_ms.rel
                                          [  ]
/mnt/workspace/nRF24LE1_SDK-master/_target_sdcc_nrf24le1_32/obj/delay/delay_s.rel
                                          [  ]
/mnt/workspace/nRF24LE1_SDK-master/_target_sdcc_nrf24le1_32/obj/delay/delay_us.rel
                                          [  ]
/mnt/workspace/nRF24LE1_SDK-master/_target_sdcc_nrf24le1_32/obj/gpio/gpio_pin_configure.rel
                                          [  ]
/mnt/workspace/nRF24LE1_SDK-master/_target_sdcc_nrf24le1_32/obj/gpio/gpio_pin_dir_input.rel
                                          [  ]
/mnt/workspace/nRF24LE1_SDK-master/_target_sdcc_nrf24le1_32/obj/gpio/gpio_pin_dir_output.rel
                                          [  ]
/mnt/workspace/nRF24LE1_SDK-master/_target_sdcc_nrf24le1_32/obj/gpio/gpio_pin_val_clear.rel
                                          [  ]
/mnt/workspace/nRF24LE1_SDK-master/_target_sdcc_nrf24le1_32/obj/gpio/gpio_pin_val_complement.rel
                                          [  ]
/mnt/workspace/nRF24LE1_SDK-master/_target_sdcc_nrf24le1_32/obj/gpio/gpio_pin_val_read.rel
                                          [  ]
/mnt/workspace/nRF24LE1_SDK-master/_target_sdcc_nrf24le1_32/obj/gpio/gpio_pin_val_set.rel
                                          [  ]
/mnt/workspace/nRF24LE1_SDK-master/_target_sdcc_nrf24le1_32/obj/gpio/gpio_pin_val_write.rel
                                          [  ]
/mnt/workspace/nRF24LE1_SDK-master/_target_sdcc_nrf24le1_32/obj/rf/rf_configure.rel
                                          [  ]
/mnt/workspace/nRF24LE1_SDK-master/_target_sdcc_nrf24le1_32/obj/rf/rf_configure_debug.rel
                                          [  ]
/mnt/workspace/nRF24LE1_SDK-master/_target_sdcc_nrf24le1_32/obj/rf/rf_configure_debug_lite.rel
                                          [  ]
/mnt/workspace/nRF24LE1_SDK-master/_target_sdcc_nrf24le1_32/obj/rf/rf_get_all_registers.rel
                                          [  ]
/mnt/workspace/nRF24LE1_SDK-master/_target_sdcc_nrf24le1_32/obj/rf/rf_irq_clear.rel
                                          [  ]
/mnt/workspace/nRF24LE1_SDK-master/_target_sdcc_nrf24le1_32/obj/rf/rf_irq_clear_all.rel
                                          [  ]
/mnt/workspace/nRF24LE1_SDK-master/_target_sdcc_nrf24le1_32/obj/rf/rf_is_rpd_active.rel
                                          [  ]
/mnt/workspace/nRF24LE1_SDK-master/_target_sdcc_nrf24le1_32/obj/rf/rf_power_down.rel
                                          [  ]
/mnt/workspace/nRF24LE1_SDK-master/_target_sdcc_nrf24le1_32/obj/rf/rf_power_down_param.rel
                                          [  ]
/mnt/workspace/nRF24LE1_SDK-master/_target_sdcc_nrf24le1_32/obj/rf/rf_power_up.rel
                                          [  ]
/mnt/workspace/nRF24LE1_SDK-master/_target_sdcc_nrf24le1_32/obj/rf/rf_power_up_param.rel
                                          [  ]
/mnt/workspace/nRF24LE1_SDK-master/_target_sdcc_nrf24le1_32/obj/rf/rf_read_register.rel
                                          [  ]
/mnt/workspace/nRF24LE1_SDK-master/_target_sdcc_nrf24le1_32/obj/rf/rf_read_register_1_byte.rel
                                          [  ]
/mnt/workspace/nRF24LE1_SDK-master/_target_sdcc_nrf24le1_32/obj/rf/rf_read_rx_payload.rel
                                          [  ]
/mnt/workspace/nRF24LE1_SDK-master/_target_sdcc_nrf24le1_32/obj/rf/rf_read_rx_payload_width.rel
                                          [  ]
/mnt/workspace/nRF24LE1_SDK-master/_target_sdcc_nrf24le1_32/obj/rf/rf_rx_fifo_is_empty.rel
                                          [  ]
/mnt/workspace/nRF24LE1_SDK-master/_target_sdcc_nrf24le1_32/obj/rf/rf_rx_fifo_is_full.rel
                                          [  ]
/mnt/workspace/nRF24LE1_SDK-master/_target_sdcc_nrf24le1_32/obj/rf/rf_set_as_rx.rel
                                          [  ]
/mnt/workspace/nRF24LE1_SDK-master/_target_sdcc_nrf24le1_32/obj/rf/rf_set_as_tx.rel
                                          [  ]
/mnt/workspace/nRF24LE1_SDK-master/_target_sdcc_nrf24le1_32/obj/rf/rf_set_data_rate.rel
                                          [  ]
/mnt/workspace/nRF24LE1_SDK-master/_target_sdcc_nrf24le1_32/obj/rf/rf_set_output_power.rel
                                          [  ]
/mnt/workspace/nRF24LE1_SDK-master/_target_sdcc_nrf24le1_32/obj/rf/rf_set_rf_channel.rel
                                          [  ]
/mnt/workspace/nRF24LE1_SDK-master/_target_sdcc_nrf24le1_32/obj/rf/rf_set_rx_addr.rel
                                          [  ]
/mnt/workspace/nRF24LE1_SDK-master/_target_sdcc_nrf24le1_32/obj/rf/rf_set_tx_addr.rel
                                          [  ]
/mnt/workspace/nRF24LE1_SDK-master/_target_sdcc_nrf24le1_32/obj/rf/rf_spi_configure_enable.rel
                                          [  ]
/mnt/workspace/nRF24LE1_SDK-master/_target_sdcc_nrf24le1_32/obj/rf/rf_spi_execute_command.rel
                                          [  ]
/mnt/workspace/nRF24LE1_SDK-master/_target_sdcc_nrf24le1_32/obj/rf/rf_spi_send_read.rel
                                          [  ]
/mnt/workspace/nRF24LE1_SDK-master/_target_sdcc_nrf24le1_32/obj/rf/rf_spi_send_read_byte.rel
                                          [  ]
/mnt/workspace/nRF24LE1_SDK-master/_target_sdcc_nrf24le1_32/obj/rf/rf_transmit.rel
                                          [  ]
/mnt/workspace/nRF24LE1_SDK-master/_target_sdcc_nrf24le1_32/obj/rf/rf_tx_fifo_is_empty.rel
                                          [  ]
/mnt/workspace/nRF24LE1_SDK-master/_target_sdcc_nrf24le1_32/obj/rf/rf_tx_fifo_is_full.rel
                                          [  ]
/mnt/workspace/nRF24LE1_SDK-master/_target_sdcc_nrf24le1_32/obj/rf/rf_write_register.rel
                                          [  ]
/mnt/workspace/nRF24LE1_SDK-master/_target_sdcc_nrf24le1_32/obj/rf/rf_write_tx_ack_payload.rel
                                          [  ]
/mnt/workspace/nRF24LE1_SDK-master/_target_sdcc_nrf24le1_32/obj/rf/rf_write_tx_payload.rel
                                          [  ]
/mnt/workspace/nRF24LE1_SDK-master/_target_sdcc_nrf24le1_32/obj/rf/rf_write_tx_payload_noack.rel
                                          [  ]
/mnt/workspace/nRF24LE1_SDK-master/_target_sdcc_nrf24le1_32/obj/pwr_clk_mgmt/pwr_clk_mgmt_cclk_configure.rel
                                          [  ]
/mnt/workspace/nRF24LE1_SDK-master/_target_sdcc_nrf24le1_32/obj/pwr_clk_mgmt/pwr_clk_mgmt_clklf_configure.rel
                                          [  ]
/mnt/workspace/nRF24LE1_SDK-master/_target_sdcc_nrf24le1_32/obj/pwr_clk_mgmt/pwr_clk_mgmt_get_cclk_freq_in_hz.rel
                                          [  ]
/mnt/workspace/nRF24LE1_SDK-master/_target_sdcc_nrf24le1_32/obj/pwr_clk_mgmt/pwr_clk_mgmt_get_cclk_freq_in_khz.rel
                                          [  ]
/mnt/workspace/nRF24LE1_SDK-master/_target_sdcc_nrf24le1_32/obj/pwr_clk_mgmt/pwr_clk_mgmt_op_mode_configure.rel
                                          [  ]
/mnt/workspace/nRF24LE1_SDK-master/_target_sdcc_nrf24le1_32/obj/pwr_clk_mgmt/pwr_clk_mgmt_pwr_failure_configure.rel
                                          [  ]
/mnt/workspace/nRF24LE1_SDK-master/_target_sdcc_nrf24le1_32/obj/pwr_clk_mgmt/pwr_clk_mgmt_wakeup_pins_configure.rel
                                          [  ]
/mnt/workspace/nRF24LE1_SDK-master/_target_sdcc_nrf24le1_32/obj/pwr_clk_mgmt/pwr_clk_mgmt_wakeup_sources_configure.rel
                                          [  ]
/mnt/workspace/nRF24LE1_SDK-master/_target_sdcc_nrf24le1_32/obj/rng/rng_configure.rel
                                          [  ]
/mnt/workspace/nRF24LE1_SDK-master/_target_sdcc_nrf24le1_32/obj/rng/rng_get_next_byte.rel
                                          [  ]
/mnt/workspace/nRF24LE1_SDK-master/_target_sdcc_nrf24le1_32/obj/rng/rng_get_one_byte_and_turn_off.rel
                                          [  ]


Libraries Linked                          [ object file ]

/usr/bin/../share/sdcc/lib/large/mcs51.lib
                                          [ crtclear.rel ]
/usr/bin/../share/sdcc/lib/large/mcs51.lib
                                          [ crtxinit.rel ]
/usr/bin/../share/sdcc/lib/large/libsdcc.lib
                                          [ _gptrput.rel ]
/usr/bin/../share/sdcc/lib/large/libint.lib
                                          [ _mulint.rel ]
/usr/bin/../share/sdcc/lib/large/mcs51.lib
                                          [ crtxclear.rel ]
/usr/bin/../share/sdcc/lib/large/mcs51.lib
                                          [ crtstart.rel ]
/usr/bin/../share/sdcc/lib/large/libsdcc.lib
                                          [ _gptrget.rel ]
/usr/bin/../share/sdcc/lib/large/libsdcc.lib
                                          [ _startup.rel ]

ASxxxx Linker V02.00 + NoICE + sdld,  page 22.

User Base Address Definitions

HOME = 0x0000
ISEG = 0x0000
BSEG = 0x0000

